MO ps2_rx NULL ps2_rx.v vlg56/ps2__rx.bin 1448037649
MO keyBoardApp NULL keyBoardApp.v vlg7A/key_board_app.bin 1448037649
MO SevenSegOneDigwithEnable NULL SevenSegFourDigwithEnable.v vlg29/_seven_seg_one_digwith_enable.bin 1448037649
MO key2Binary NULL key2Binary.v vlg68/key2_binary.bin 1448037649
MO SevenSegFourDigwithEnable NULL SevenSegFourDigwithEnable.v vlg5F/_seven_seg_four_digwith_enable.bin 1448037649
MO keyBoardCore NULL keyBoardCore.v vlg32/key_board_core.bin 1448037649
